-- int2 check
CREATE TABLE int2tmp (a int2);
\copy int2tmp from 'data/int2.data'
SET enable_seqscan=on;
SELECT count(*) FROM int2tmp WHERE a <  237;
 count 
-------
   297
(1 row)

SELECT count(*) FROM int2tmp WHERE a <= 237;
 count 
-------
   298
(1 row)

SELECT count(*) FROM int2tmp WHERE a  = 237;
 count 
-------
     1
(1 row)

SELECT count(*) FROM int2tmp WHERE a >= 237;
 count 
-------
   249
(1 row)

SELECT count(*) FROM int2tmp WHERE a >  237;
 count 
-------
   248
(1 row)

CREATE INDEX int2idx ON int2tmp USING gist ( a );
SET enable_seqscan=off;
SELECT count(*) FROM int2tmp WHERE a <  237::int2;
 count 
-------
   297
(1 row)

SELECT count(*) FROM int2tmp WHERE a <= 237::int2;
 count 
-------
   298
(1 row)

SELECT count(*) FROM int2tmp WHERE a  = 237::int2;
 count 
-------
     1
(1 row)

SELECT count(*) FROM int2tmp WHERE a >= 237::int2;
 count 
-------
   249
(1 row)

SELECT count(*) FROM int2tmp WHERE a >  237::int2;
 count 
-------
   248
(1 row)

