Standard conforming strings: off
value: 1 a\\b
value: 1 a\\b
value: 2 a\\\\b
value: 2 a\\b
